2026-05-20 21:48:06 | GET /about/ | User: Anonymous | Status: 200 | Duration: 21ms
2026-05-20 21:48:06 | GET /about/ | User: Anonymous | Status: 200 | Duration: 21ms
2026-05-20 21:48:06 | GET /about/ | User: Anonymous | Status: 200 | Duration: 21ms
2026-05-20 21:48:07 | GET /dashboard/order/create/ | User: admin | Status: 200 | Duration: 34ms
2026-05-20 21:48:07 | GET /dashboard/order/create/ | User: admin | Status: 200 | Duration: 34ms
2026-05-20 21:48:07 | GET /dashboard/order/create/ | User: admin | Status: 200 | Duration: 34ms
2026-05-20 21:48:07 | GET /dashboard/order/1/ | User: admin | Status: 200 | Duration: 24ms
2026-05-20 21:48:07 | GET /dashboard/order/1/ | User: admin | Status: 200 | Duration: 24ms
2026-05-20 21:48:07 | GET /dashboard/order/1/ | User: admin | Status: 200 | Duration: 24ms
2026-05-20 21:48:07 | GET /dashboard/orders/ | User: user | Status: 302 | Duration: 1ms
2026-05-20 21:48:07 | GET /dashboard/orders/ | User: user | Status: 302 | Duration: 1ms
2026-05-20 21:48:07 | GET /dashboard/orders/ | User: user | Status: 302 | Duration: 1ms
2026-05-20 21:48:08 | GET /dashboard/orders/ | User: admin | Status: 200 | Duration: 14ms
2026-05-20 21:48:08 | GET /dashboard/orders/ | User: admin | Status: 200 | Duration: 14ms
2026-05-20 21:48:08 | GET /dashboard/orders/ | User: admin | Status: 200 | Duration: 14ms
2026-05-20 21:48:08 | GET /client/order/1/add/ | User: user | Status: 200 | Duration: 7ms
2026-05-20 21:48:08 | GET /client/order/1/add/ | User: user | Status: 200 | Duration: 7ms
2026-05-20 21:48:08 | GET /client/order/1/add/ | User: user | Status: 200 | Duration: 7ms
2026-05-20 21:48:08 | GET /client/order/create/ | User: user | Status: 200 | Duration: 9ms
2026-05-20 21:48:08 | GET /client/order/create/ | User: user | Status: 200 | Duration: 9ms
2026-05-20 21:48:08 | GET /client/order/create/ | User: user | Status: 200 | Duration: 9ms
2026-05-20 21:48:09 | POST /client/order/create/ | User: user | Status: 302 | Duration: 7ms
2026-05-20 21:48:09 | POST /client/order/create/ | User: user | Status: 302 | Duration: 7ms
2026-05-20 21:48:09 | POST /client/order/create/ | User: user | Status: 302 | Duration: 7ms
2026-05-20 21:48:09 | GET /client/ | User: user | Status: 200 | Duration: 7ms
2026-05-20 21:48:09 | GET /client/ | User: user | Status: 200 | Duration: 7ms
2026-05-20 21:48:09 | GET /client/ | User: user | Status: 200 | Duration: 7ms
2026-05-20 21:48:09 | GET /client/ | User: Anonymous | Status: 302 | Duration: 0ms
2026-05-20 21:48:09 | GET /client/ | User: Anonymous | Status: 302 | Duration: 0ms
2026-05-20 21:48:09 | GET /client/ | User: Anonymous | Status: 302 | Duration: 0ms
2026-05-20 21:48:10 | GET /client/order/1/summary/ | User: user | Status: 200 | Duration: 5ms
2026-05-20 21:48:10 | GET /client/order/1/summary/ | User: user | Status: 200 | Duration: 5ms
2026-05-20 21:48:10 | GET /client/order/1/summary/ | User: user | Status: 200 | Duration: 5ms
2026-05-20 21:48:10 | GET /contacts/ | User: Anonymous | Status: 200 | Duration: 3ms
2026-05-20 21:48:10 | GET /contacts/ | User: Anonymous | Status: 200 | Duration: 3ms
2026-05-20 21:48:10 | GET /contacts/ | User: Anonymous | Status: 200 | Duration: 3ms
2026-05-20 21:48:10 | GET /glossary/ | User: Anonymous | Status: 200 | Duration: 2ms
2026-05-20 21:48:10 | GET /glossary/ | User: Anonymous | Status: 200 | Duration: 2ms
2026-05-20 21:48:10 | GET /glossary/ | User: Anonymous | Status: 200 | Duration: 2ms
2026-05-20 21:48:11 | GET / | User: Anonymous | Status: 200 | Duration: 998ms
2026-05-20 21:48:11 | GET / | User: Anonymous | Status: 200 | Duration: 998ms
2026-05-20 21:48:11 | GET / | User: Anonymous | Status: 200 | Duration: 998ms
2026-05-20 21:48:11 | GET /accounts/login/ | User: Anonymous | Status: 200 | Duration: 9ms
2026-05-20 21:48:11 | GET /accounts/login/ | User: Anonymous | Status: 200 | Duration: 9ms
2026-05-20 21:48:11 | GET /accounts/login/ | User: Anonymous | Status: 200 | Duration: 9ms
2026-05-20 21:48:11 | GET /master/ | User: master | Status: 200 | Duration: 5ms
2026-05-20 21:48:11 | GET /master/ | User: master | Status: 200 | Duration: 5ms
2026-05-20 21:48:11 | GET /master/ | User: master | Status: 200 | Duration: 5ms
2026-05-20 21:48:11 | GET /master/ | User: Anonymous | Status: 302 | Duration: 0ms
2026-05-20 21:48:11 | GET /master/ | User: Anonymous | Status: 302 | Duration: 0ms
2026-05-20 21:48:11 | GET /master/ | User: Anonymous | Status: 302 | Duration: 0ms
2026-05-20 21:48:11 | GET /master/order/1/edit/ | User: master | Status: 200 | Duration: 5ms
2026-05-20 21:48:11 | GET /master/order/1/edit/ | User: master | Status: 200 | Duration: 5ms
2026-05-20 21:48:11 | GET /master/order/1/edit/ | User: master | Status: 200 | Duration: 5ms
2026-05-20 21:48:11 | GET /news/1/ | User: Anonymous | Status: 200 | Duration: 2ms
2026-05-20 21:48:11 | GET /news/1/ | User: Anonymous | Status: 200 | Duration: 2ms
2026-05-20 21:48:11 | GET /news/1/ | User: Anonymous | Status: 200 | Duration: 2ms
2026-05-20 21:48:11 | GET /news/ | User: Anonymous | Status: 200 | Duration: 2ms
2026-05-20 21:48:11 | GET /news/ | User: Anonymous | Status: 200 | Duration: 2ms
2026-05-20 21:48:11 | GET /news/ | User: Anonymous | Status: 200 | Duration: 2ms
2026-05-20 21:48:11 | GET /privacy/ | User: Anonymous | Status: 200 | Duration: 2ms
2026-05-20 21:48:11 | GET /privacy/ | User: Anonymous | Status: 200 | Duration: 2ms
2026-05-20 21:48:11 | GET /privacy/ | User: Anonymous | Status: 200 | Duration: 2ms
2026-05-20 21:48:11 | GET /promocodes/ | User: Anonymous | Status: 200 | Duration: 5ms
2026-05-20 21:48:11 | GET /promocodes/ | User: Anonymous | Status: 200 | Duration: 5ms
2026-05-20 21:48:11 | GET /promocodes/ | User: Anonymous | Status: 200 | Duration: 5ms
2026-05-20 21:48:11 | GET /register/ | User: Anonymous | Status: 200 | Duration: 5ms
2026-05-20 21:48:11 | GET /register/ | User: Anonymous | Status: 200 | Duration: 5ms
2026-05-20 21:48:11 | GET /register/ | User: Anonymous | Status: 200 | Duration: 5ms
2026-05-20 21:48:12 | GET /reviews/add/ | User: user | Status: 200 | Duration: 5ms
2026-05-20 21:48:12 | GET /reviews/add/ | User: user | Status: 200 | Duration: 5ms
2026-05-20 21:48:12 | GET /reviews/add/ | User: user | Status: 200 | Duration: 5ms
2026-05-20 21:48:12 | POST /reviews/add/ | User: user | Status: 302 | Duration: 2ms
2026-05-20 21:48:12 | POST /reviews/add/ | User: user | Status: 302 | Duration: 2ms
2026-05-20 21:48:12 | POST /reviews/add/ | User: user | Status: 302 | Duration: 2ms
2026-05-20 21:48:13 | POST /reviews/1/delete/ | User: user | Status: 302 | Duration: 2ms
2026-05-20 21:48:13 | POST /reviews/1/delete/ | User: user | Status: 302 | Duration: 2ms
2026-05-20 21:48:13 | POST /reviews/1/delete/ | User: user | Status: 302 | Duration: 2ms
2026-05-20 21:48:13 | GET /reviews/1/edit/ | User: user | Status: 200 | Duration: 16ms
2026-05-20 21:48:13 | GET /reviews/1/edit/ | User: user | Status: 200 | Duration: 16ms
2026-05-20 21:48:13 | GET /reviews/1/edit/ | User: user | Status: 200 | Duration: 16ms
2026-05-20 21:48:13 | GET /reviews/ | User: Anonymous | Status: 200 | Duration: 3ms
2026-05-20 21:48:13 | GET /reviews/ | User: Anonymous | Status: 200 | Duration: 3ms
2026-05-20 21:48:13 | GET /reviews/ | User: Anonymous | Status: 200 | Duration: 3ms
2026-05-20 21:48:13 | GET /services/ | User: Anonymous | Status: 200 | Duration: 5ms
2026-05-20 21:48:13 | GET /services/ | User: Anonymous | Status: 200 | Duration: 5ms
2026-05-20 21:48:13 | GET /services/ | User: Anonymous | Status: 200 | Duration: 5ms
2026-05-20 21:48:13 | GET /services/?type=1 | User: Anonymous | Status: 200 | Duration: 1ms
2026-05-20 21:48:13 | GET /services/?type=1 | User: Anonymous | Status: 200 | Duration: 1ms
2026-05-20 21:48:13 | GET /services/?type=1 | User: Anonymous | Status: 200 | Duration: 1ms
2026-05-20 21:48:13 | GET /services/?search=%D0%B4%D0%B8%D0%B0%D0%B3%D0%BD%D0%BE%D1%81%D1%82%D0%B8%D0%BA%D0%B0 | User: Anonymous | Status: 200 | Duration: 1ms
2026-05-20 21:48:13 | GET /services/?search=%D0%B4%D0%B8%D0%B0%D0%B3%D0%BD%D0%BE%D1%81%D1%82%D0%B8%D0%BA%D0%B0 | User: Anonymous | Status: 200 | Duration: 1ms
2026-05-20 21:48:13 | GET /services/?search=%D0%B4%D0%B8%D0%B0%D0%B3%D0%BD%D0%BE%D1%81%D1%82%D0%B8%D0%BA%D0%B0 | User: Anonymous | Status: 200 | Duration: 1ms
2026-05-20 21:48:13 | GET /services/?sort=price_asc | User: Anonymous | Status: 200 | Duration: 1ms
2026-05-20 21:48:13 | GET /services/?sort=price_asc | User: Anonymous | Status: 200 | Duration: 1ms
2026-05-20 21:48:13 | GET /services/?sort=price_asc | User: Anonymous | Status: 200 | Duration: 1ms
2026-05-20 21:48:15 | GET /statistics/ | User: user | Status: 200 | Duration: 1453ms
2026-05-20 21:48:15 | GET /statistics/ | User: user | Status: 200 | Duration: 1453ms
2026-05-20 21:48:15 | GET /statistics/ | User: user | Status: 200 | Duration: 1453ms
2026-05-20 21:48:15 | GET /statistics/ | User: admin | Status: 200 | Duration: 75ms
2026-05-20 21:48:15 | GET /statistics/ | User: admin | Status: 200 | Duration: 75ms
2026-05-20 21:48:15 | GET /statistics/ | User: admin | Status: 200 | Duration: 75ms
2026-05-20 21:48:15 | GET /vacancies/ | User: Anonymous | Status: 200 | Duration: 3ms
2026-05-20 21:48:15 | GET /vacancies/ | User: Anonymous | Status: 200 | Duration: 3ms
2026-05-20 21:48:15 | GET /vacancies/ | User: Anonymous | Status: 200 | Duration: 3ms
2026-05-20 21:48:50 | GET /statistics/ | User: daria | Status: 200 | Duration: 546ms
2026-05-20 21:48:50 | GET /statistics/ | User: daria | Status: 200 | Duration: 546ms
2026-05-20 21:48:50 | GET /statistics/ | User: daria | Status: 200 | Duration: 546ms
2026-05-20 21:48:55 | GET / | User: daria | Status: 200 | Duration: 2175ms
2026-05-20 21:48:55 | GET / | User: daria | Status: 200 | Duration: 2175ms
2026-05-20 21:48:55 | GET / | User: daria | Status: 200 | Duration: 2175ms
2026-05-20 22:52:29 | GET / | User: daria | Status: 200 | Duration: 2320ms
2026-05-20 22:52:29 | GET / | User: daria | Status: 200 | Duration: 2320ms
2026-05-20 22:52:29 | GET / | User: daria | Status: 200 | Duration: 2320ms
2026-05-20 22:52:33 | POST /accounts/logout/ | User: Anonymous | Status: 302 | Duration: 11ms
2026-05-20 22:52:33 | POST /accounts/logout/ | User: Anonymous | Status: 302 | Duration: 11ms
2026-05-20 22:52:33 | POST /accounts/logout/ | User: Anonymous | Status: 302 | Duration: 11ms
2026-05-20 22:52:34 | GET / | User: Anonymous | Status: 200 | Duration: 1112ms
2026-05-20 22:52:34 | GET / | User: Anonymous | Status: 200 | Duration: 1112ms
2026-05-20 22:52:34 | GET / | User: Anonymous | Status: 200 | Duration: 1112ms
2026-05-20 22:52:36 | GET /accounts/login/ | User: Anonymous | Status: 200 | Duration: 8ms
2026-05-20 22:52:36 | GET /accounts/login/ | User: Anonymous | Status: 200 | Duration: 8ms
2026-05-20 22:52:36 | GET /accounts/login/ | User: Anonymous | Status: 200 | Duration: 8ms
2026-05-20 22:52:57 | POST /accounts/login/ | User: Anonymous | Status: 200 | Duration: 486ms
2026-05-20 22:52:57 | POST /accounts/login/ | User: Anonymous | Status: 200 | Duration: 486ms
2026-05-20 22:52:57 | POST /accounts/login/ | User: Anonymous | Status: 200 | Duration: 486ms
2026-05-20 22:53:06 | POST /accounts/login/ | User: koolchel | Status: 302 | Duration: 489ms
2026-05-20 22:53:06 | POST /accounts/login/ | User: koolchel | Status: 302 | Duration: 489ms
2026-05-20 22:53:06 | POST /accounts/login/ | User: koolchel | Status: 302 | Duration: 489ms
2026-05-20 22:53:07 | POST /accounts/login/ | User: koolchel | Status: 403 | Duration: 30ms
2026-05-20 22:53:07 | POST /accounts/login/ | User: koolchel | Status: 403 | Duration: 30ms
2026-05-20 22:53:07 | POST /accounts/login/ | User: koolchel | Status: 403 | Duration: 30ms
2026-05-20 22:53:08 | GET / | User: koolchel | Status: 200 | Duration: 2172ms
2026-05-20 22:53:08 | GET / | User: koolchel | Status: 200 | Duration: 2172ms
2026-05-20 22:53:08 | GET / | User: koolchel | Status: 200 | Duration: 2172ms
2026-05-21 08:25:08 | GET / | User: koolchel | Status: 200 | Duration: 3085ms
2026-05-21 08:25:08 | GET / | User: koolchel | Status: 200 | Duration: 3085ms
2026-05-21 08:25:08 | GET / | User: koolchel | Status: 200 | Duration: 3085ms
2026-05-21 08:25:09 | GET /favicon.ico | User: koolchel | Status: 404 | Duration: 1ms
2026-05-21 08:25:09 | GET /favicon.ico | User: koolchel | Status: 404 | Duration: 1ms
2026-05-21 08:25:09 | GET /favicon.ico | User: koolchel | Status: 404 | Duration: 1ms
2026-05-21 08:25:11 | GET /about/ | User: koolchel | Status: 200 | Duration: 50ms
2026-05-21 08:25:11 | GET /about/ | User: koolchel | Status: 200 | Duration: 50ms
2026-05-21 08:25:11 | GET /about/ | User: koolchel | Status: 200 | Duration: 50ms
2026-05-21 08:25:11 | GET /media/company/image_2026-05-19_20-04-47.png | User: koolchel | Status: 404 | Duration: 1ms
2026-05-21 08:25:11 | GET /media/company/image_2026-05-19_20-04-47.png | User: koolchel | Status: 404 | Duration: 1ms
2026-05-21 08:25:11 | GET /media/company/image_2026-05-19_20-04-47.png | User: koolchel | Status: 404 | Duration: 1ms
2026-05-21 08:25:41 | GET /privacy/ | User: koolchel | Status: 200 | Duration: 28ms
2026-05-21 08:25:41 | GET /privacy/ | User: koolchel | Status: 200 | Duration: 28ms
2026-05-21 08:25:41 | GET /privacy/ | User: koolchel | Status: 200 | Duration: 28ms
2026-05-21 08:25:42 | GET /contacts/ | User: koolchel | Status: 200 | Duration: 36ms
2026-05-21 08:25:42 | GET /contacts/ | User: koolchel | Status: 200 | Duration: 36ms
2026-05-21 08:25:42 | GET /contacts/ | User: koolchel | Status: 200 | Duration: 36ms
2026-05-21 08:25:45 | GET /news/ | User: koolchel | Status: 200 | Duration: 35ms
2026-05-21 08:25:45 | GET /news/ | User: koolchel | Status: 200 | Duration: 35ms
2026-05-21 08:25:45 | GET /news/ | User: koolchel | Status: 200 | Duration: 35ms
2026-05-21 08:25:45 | GET /media/news/Gemini_Generated_Image_e7q8j0e7q8j0e7q8_1.png | User: koolchel | Status: 404 | Duration: 1ms
2026-05-21 08:25:45 | GET /media/news/Gemini_Generated_Image_e7q8j0e7q8j0e7q8_1.png | User: koolchel | Status: 404 | Duration: 1ms
2026-05-21 08:25:45 | GET /media/news/Gemini_Generated_Image_e7q8j0e7q8j0e7q8_1.png | User: koolchel | Status: 404 | Duration: 1ms
2026-05-21 08:27:32 | POST /accounts/logout/ | User: Anonymous | Status: 302 | Duration: 23ms
2026-05-21 08:27:32 | POST /accounts/logout/ | User: Anonymous | Status: 302 | Duration: 23ms
2026-05-21 08:27:32 | POST /accounts/logout/ | User: Anonymous | Status: 302 | Duration: 23ms
2026-05-21 08:27:33 | GET / | User: Anonymous | Status: 200 | Duration: 1336ms
2026-05-21 08:27:33 | GET / | User: Anonymous | Status: 200 | Duration: 1336ms
2026-05-21 08:27:33 | GET / | User: Anonymous | Status: 200 | Duration: 1336ms
2026-05-21 08:27:35 | GET /accounts/login/ | User: Anonymous | Status: 200 | Duration: 84ms
2026-05-21 08:27:35 | GET /accounts/login/ | User: Anonymous | Status: 200 | Duration: 84ms
2026-05-21 08:27:35 | GET /accounts/login/ | User: Anonymous | Status: 200 | Duration: 84ms
2026-05-21 08:27:44 | POST /accounts/login/ | User: daria | Status: 302 | Duration: 772ms
2026-05-21 08:27:44 | POST /accounts/login/ | User: daria | Status: 302 | Duration: 772ms
2026-05-21 08:27:44 | POST /accounts/login/ | User: daria | Status: 302 | Duration: 772ms
2026-05-21 08:27:49 | GET / | User: daria | Status: 200 | Duration: 4769ms
2026-05-21 08:27:49 | GET / | User: daria | Status: 200 | Duration: 4769ms
2026-05-21 08:27:49 | GET / | User: daria | Status: 200 | Duration: 4769ms
2026-05-21 08:27:54 | GET /admin/ | User: daria | Status: 200 | Duration: 162ms
2026-05-21 08:27:54 | GET /admin/ | User: daria | Status: 200 | Duration: 162ms
2026-05-21 08:27:54 | GET /admin/ | User: daria | Status: 200 | Duration: 162ms
2026-05-21 08:27:59 | GET /admin/core/companyinfo/ | User: daria | Status: 200 | Duration: 281ms
2026-05-21 08:27:59 | GET /admin/core/companyinfo/ | User: daria | Status: 200 | Duration: 281ms
2026-05-21 08:27:59 | GET /admin/core/companyinfo/ | User: daria | Status: 200 | Duration: 281ms
2026-05-21 08:27:59 | GET /admin/jsi18n/ | User: daria | Status: 200 | Duration: 51ms
2026-05-21 08:27:59 | GET /admin/jsi18n/ | User: daria | Status: 200 | Duration: 51ms
2026-05-21 08:27:59 | GET /admin/jsi18n/ | User: daria | Status: 200 | Duration: 51ms
2026-05-21 08:28:02 | GET /admin/core/companyinfo/1/change/ | User: daria | Status: 200 | Duration: 297ms
2026-05-21 08:28:02 | GET /admin/core/companyinfo/1/change/ | User: daria | Status: 200 | Duration: 297ms
2026-05-21 08:28:02 | GET /admin/core/companyinfo/1/change/ | User: daria | Status: 200 | Duration: 297ms
2026-05-21 08:28:02 | GET /admin/jsi18n/ | User: daria | Status: 200 | Duration: 11ms
2026-05-21 08:28:02 | GET /admin/jsi18n/ | User: daria | Status: 200 | Duration: 11ms
2026-05-21 08:28:02 | GET /admin/jsi18n/ | User: daria | Status: 200 | Duration: 11ms
2026-05-21 08:28:26 | POST /admin/core/companyinfo/1/change/ | User: daria | Status: 302 | Duration: 277ms
2026-05-21 08:28:26 | POST /admin/core/companyinfo/1/change/ | User: daria | Status: 302 | Duration: 277ms
2026-05-21 08:28:26 | POST /admin/core/companyinfo/1/change/ | User: daria | Status: 302 | Duration: 277ms
2026-05-21 08:28:26 | GET /admin/core/companyinfo/ | User: daria | Status: 200 | Duration: 18ms
2026-05-21 08:28:26 | GET /admin/core/companyinfo/ | User: daria | Status: 200 | Duration: 18ms
2026-05-21 08:28:26 | GET /admin/core/companyinfo/ | User: daria | Status: 200 | Duration: 18ms
2026-05-21 08:28:26 | GET /admin/jsi18n/ | User: daria | Status: 200 | Duration: 7ms
2026-05-21 08:28:26 | GET /admin/jsi18n/ | User: daria | Status: 200 | Duration: 7ms
2026-05-21 08:28:26 | GET /admin/jsi18n/ | User: daria | Status: 200 | Duration: 7ms
2026-05-21 08:28:44 | GET /admin/core/employee/ | User: daria | Status: 200 | Duration: 40ms
2026-05-21 08:28:44 | GET /admin/core/employee/ | User: daria | Status: 200 | Duration: 40ms
2026-05-21 08:28:44 | GET /admin/core/employee/ | User: daria | Status: 200 | Duration: 40ms
2026-05-21 08:28:44 | GET /admin/jsi18n/ | User: daria | Status: 200 | Duration: 7ms
2026-05-21 08:28:44 | GET /admin/jsi18n/ | User: daria | Status: 200 | Duration: 7ms
2026-05-21 08:28:44 | GET /admin/jsi18n/ | User: daria | Status: 200 | Duration: 7ms
2026-05-21 08:28:45 | GET /admin/core/employee/1/change/ | User: daria | Status: 200 | Duration: 111ms
2026-05-21 08:28:45 | GET /admin/core/employee/1/change/ | User: daria | Status: 200 | Duration: 111ms
2026-05-21 08:28:45 | GET /admin/core/employee/1/change/ | User: daria | Status: 200 | Duration: 111ms
2026-05-21 08:28:45 | GET /admin/jsi18n/ | User: daria | Status: 200 | Duration: 6ms
2026-05-21 08:28:45 | GET /admin/jsi18n/ | User: daria | Status: 200 | Duration: 6ms
2026-05-21 08:28:45 | GET /admin/jsi18n/ | User: daria | Status: 200 | Duration: 6ms
2026-05-21 08:29:04 | POST /admin/core/employee/1/change/ | User: daria | Status: 302 | Duration: 33ms
2026-05-21 08:29:04 | POST /admin/core/employee/1/change/ | User: daria | Status: 302 | Duration: 33ms
2026-05-21 08:29:04 | POST /admin/core/employee/1/change/ | User: daria | Status: 302 | Duration: 33ms
2026-05-21 08:29:04 | GET /admin/core/employee/ | User: daria | Status: 200 | Duration: 25ms
2026-05-21 08:29:04 | GET /admin/core/employee/ | User: daria | Status: 200 | Duration: 25ms
2026-05-21 08:29:04 | GET /admin/core/employee/ | User: daria | Status: 200 | Duration: 25ms
2026-05-21 08:29:04 | GET /admin/jsi18n/ | User: daria | Status: 200 | Duration: 15ms
2026-05-21 08:29:04 | GET /admin/jsi18n/ | User: daria | Status: 200 | Duration: 15ms
2026-05-21 08:29:04 | GET /admin/jsi18n/ | User: daria | Status: 200 | Duration: 15ms
2026-05-21 08:30:02 | GET / | User: daria | Status: 200 | Duration: 2561ms
2026-05-21 08:30:02 | GET / | User: daria | Status: 200 | Duration: 2561ms
2026-05-21 08:30:02 | GET / | User: daria | Status: 200 | Duration: 2561ms
2026-05-21 08:30:04 | GET /contacts/ | User: daria | Status: 200 | Duration: 9ms
2026-05-21 08:30:04 | GET /contacts/ | User: daria | Status: 200 | Duration: 9ms
2026-05-21 08:30:04 | GET /contacts/ | User: daria | Status: 200 | Duration: 9ms
2026-05-21 08:30:04 | GET /media/employees/photo_2025-07-17_02-21-34.jpg | User: daria | Status: 404 | Duration: 1ms
2026-05-21 08:30:04 | GET /media/employees/photo_2025-07-17_02-21-34.jpg | User: daria | Status: 404 | Duration: 1ms
2026-05-21 08:30:04 | GET /media/employees/photo_2025-07-17_02-21-34.jpg | User: daria | Status: 404 | Duration: 1ms
2026-05-21 08:30:12 | GET /about/ | User: daria | Status: 200 | Duration: 6ms
2026-05-21 08:30:12 | GET /about/ | User: daria | Status: 200 | Duration: 6ms
2026-05-21 08:30:12 | GET /about/ | User: daria | Status: 200 | Duration: 6ms
2026-05-21 08:30:12 | GET /media/company/image_2026-05-19_20-04-47_TdM7HsQ.png | User: daria | Status: 404 | Duration: 0ms
2026-05-21 08:30:12 | GET /media/company/image_2026-05-19_20-04-47_TdM7HsQ.png | User: daria | Status: 404 | Duration: 0ms
2026-05-21 08:30:12 | GET /media/company/image_2026-05-19_20-04-47_TdM7HsQ.png | User: daria | Status: 404 | Duration: 0ms
2026-05-21 08:32:55 | GET /about/ | User: daria | Status: 200 | Duration: 36ms
2026-05-21 08:32:55 | GET /about/ | User: daria | Status: 200 | Duration: 36ms
2026-05-21 08:32:55 | GET /about/ | User: daria | Status: 200 | Duration: 36ms
2026-05-21 08:32:56 | GET /media/company/image_2026-05-19_20-04-47_TdM7HsQ.png | User: daria | Status: 200 | Duration: 70ms
2026-05-21 08:32:56 | GET /media/company/image_2026-05-19_20-04-47_TdM7HsQ.png | User: daria | Status: 200 | Duration: 70ms
2026-05-21 08:32:56 | GET /media/company/image_2026-05-19_20-04-47_TdM7HsQ.png | User: daria | Status: 200 | Duration: 70ms
2026-05-21 08:32:59 | GET /contacts/ | User: daria | Status: 200 | Duration: 11ms
2026-05-21 08:32:59 | GET /contacts/ | User: daria | Status: 200 | Duration: 11ms
2026-05-21 08:32:59 | GET /contacts/ | User: daria | Status: 200 | Duration: 11ms
2026-05-21 08:33:00 | GET /media/employees/photo_2025-07-17_02-21-34.jpg | User: daria | Status: 200 | Duration: 24ms
2026-05-21 08:33:00 | GET /media/employees/photo_2025-07-17_02-21-34.jpg | User: daria | Status: 200 | Duration: 24ms
2026-05-21 08:33:00 | GET /media/employees/photo_2025-07-17_02-21-34.jpg | User: daria | Status: 200 | Duration: 24ms
2026-05-21 08:33:56 | GET /statistics/ | User: daria | Status: 200 | Duration: 2919ms
2026-05-21 08:33:56 | GET /statistics/ | User: daria | Status: 200 | Duration: 2919ms
2026-05-21 08:33:56 | GET /statistics/ | User: daria | Status: 200 | Duration: 2919ms
2026-05-21 08:34:00 | GET /news/ | User: daria | Status: 200 | Duration: 8ms
2026-05-21 08:34:00 | GET /news/ | User: daria | Status: 200 | Duration: 8ms
2026-05-21 08:34:00 | GET /news/ | User: daria | Status: 200 | Duration: 8ms
2026-05-21 08:34:00 | GET /media/news/Gemini_Generated_Image_e7q8j0e7q8j0e7q8_1.png | User: daria | Status: 200 | Duration: 15ms
2026-05-21 08:34:00 | GET /media/news/Gemini_Generated_Image_e7q8j0e7q8j0e7q8_1.png | User: daria | Status: 200 | Duration: 15ms
2026-05-21 08:34:00 | GET /media/news/Gemini_Generated_Image_e7q8j0e7q8j0e7q8_1.png | User: daria | Status: 200 | Duration: 15ms
2026-05-21 12:13:16 | GET /about/ | User: Anonymous | Status: 200 | Duration: 12ms
2026-05-21 12:13:16 | GET /about/ | User: Anonymous | Status: 200 | Duration: 12ms
2026-05-21 12:13:16 | GET /about/ | User: Anonymous | Status: 200 | Duration: 12ms
2026-05-21 12:13:16 | GET /dashboard/order/create/ | User: admin | Status: 200 | Duration: 22ms
2026-05-21 12:13:16 | GET /dashboard/order/create/ | User: admin | Status: 200 | Duration: 22ms
2026-05-21 12:13:16 | GET /dashboard/order/create/ | User: admin | Status: 200 | Duration: 22ms
2026-05-21 12:13:16 | GET /dashboard/order/1/ | User: admin | Status: 200 | Duration: 28ms
2026-05-21 12:13:16 | GET /dashboard/order/1/ | User: admin | Status: 200 | Duration: 28ms
2026-05-21 12:13:16 | GET /dashboard/order/1/ | User: admin | Status: 200 | Duration: 28ms
2026-05-21 12:13:17 | GET /dashboard/orders/ | User: user | Status: 302 | Duration: 1ms
2026-05-21 12:13:17 | GET /dashboard/orders/ | User: user | Status: 302 | Duration: 1ms
2026-05-21 12:13:17 | GET /dashboard/orders/ | User: user | Status: 302 | Duration: 1ms
2026-05-21 12:13:17 | GET /dashboard/orders/ | User: admin | Status: 200 | Duration: 15ms
2026-05-21 12:13:17 | GET /dashboard/orders/ | User: admin | Status: 200 | Duration: 15ms
2026-05-21 12:13:17 | GET /dashboard/orders/ | User: admin | Status: 200 | Duration: 15ms
2026-05-21 12:13:17 | GET /client/order/1/add/ | User: user | Status: 200 | Duration: 6ms
2026-05-21 12:13:17 | GET /client/order/1/add/ | User: user | Status: 200 | Duration: 6ms
2026-05-21 12:13:17 | GET /client/order/1/add/ | User: user | Status: 200 | Duration: 6ms
2026-05-21 12:13:18 | GET /client/order/create/ | User: user | Status: 200 | Duration: 12ms
2026-05-21 12:13:18 | GET /client/order/create/ | User: user | Status: 200 | Duration: 12ms
2026-05-21 12:13:18 | GET /client/order/create/ | User: user | Status: 200 | Duration: 12ms
2026-05-21 12:13:18 | POST /client/order/create/ | User: user | Status: 302 | Duration: 4ms
2026-05-21 12:13:18 | POST /client/order/create/ | User: user | Status: 302 | Duration: 4ms
2026-05-21 12:13:18 | POST /client/order/create/ | User: user | Status: 302 | Duration: 4ms
2026-05-21 12:13:19 | GET /client/ | User: user | Status: 200 | Duration: 15ms
2026-05-21 12:13:19 | GET /client/ | User: user | Status: 200 | Duration: 15ms
2026-05-21 12:13:19 | GET /client/ | User: user | Status: 200 | Duration: 15ms
2026-05-21 12:13:19 | GET /client/ | User: Anonymous | Status: 302 | Duration: 0ms
2026-05-21 12:13:19 | GET /client/ | User: Anonymous | Status: 302 | Duration: 0ms
2026-05-21 12:13:19 | GET /client/ | User: Anonymous | Status: 302 | Duration: 0ms
2026-05-21 12:13:19 | GET /client/order/1/summary/ | User: user | Status: 200 | Duration: 14ms
2026-05-21 12:13:19 | GET /client/order/1/summary/ | User: user | Status: 200 | Duration: 14ms
2026-05-21 12:13:19 | GET /client/order/1/summary/ | User: user | Status: 200 | Duration: 14ms
2026-05-21 12:13:19 | GET /contacts/ | User: Anonymous | Status: 200 | Duration: 4ms
2026-05-21 12:13:19 | GET /contacts/ | User: Anonymous | Status: 200 | Duration: 4ms
2026-05-21 12:13:19 | GET /contacts/ | User: Anonymous | Status: 200 | Duration: 4ms
2026-05-21 12:13:19 | GET /glossary/ | User: Anonymous | Status: 200 | Duration: 9ms
2026-05-21 12:13:19 | GET /glossary/ | User: Anonymous | Status: 200 | Duration: 9ms
2026-05-21 12:13:19 | GET /glossary/ | User: Anonymous | Status: 200 | Duration: 9ms
2026-05-21 12:13:20 | GET / | User: Anonymous | Status: 200 | Duration: 1353ms
2026-05-21 12:13:20 | GET / | User: Anonymous | Status: 200 | Duration: 1353ms
2026-05-21 12:13:20 | GET / | User: Anonymous | Status: 200 | Duration: 1353ms
2026-05-21 12:13:20 | GET /accounts/login/ | User: Anonymous | Status: 200 | Duration: 5ms
2026-05-21 12:13:20 | GET /accounts/login/ | User: Anonymous | Status: 200 | Duration: 5ms
2026-05-21 12:13:20 | GET /accounts/login/ | User: Anonymous | Status: 200 | Duration: 5ms
2026-05-21 12:13:21 | GET /master/ | User: master | Status: 200 | Duration: 14ms
2026-05-21 12:13:21 | GET /master/ | User: master | Status: 200 | Duration: 14ms
2026-05-21 12:13:21 | GET /master/ | User: master | Status: 200 | Duration: 14ms
2026-05-21 12:13:21 | GET /master/ | User: Anonymous | Status: 302 | Duration: 0ms
2026-05-21 12:13:21 | GET /master/ | User: Anonymous | Status: 302 | Duration: 0ms
2026-05-21 12:13:21 | GET /master/ | User: Anonymous | Status: 302 | Duration: 0ms
2026-05-21 12:13:21 | GET /master/order/1/edit/ | User: master | Status: 200 | Duration: 13ms
2026-05-21 12:13:21 | GET /master/order/1/edit/ | User: master | Status: 200 | Duration: 13ms
2026-05-21 12:13:21 | GET /master/order/1/edit/ | User: master | Status: 200 | Duration: 13ms
2026-05-21 12:13:21 | GET /news/1/ | User: Anonymous | Status: 200 | Duration: 2ms
2026-05-21 12:13:21 | GET /news/1/ | User: Anonymous | Status: 200 | Duration: 2ms
2026-05-21 12:13:21 | GET /news/1/ | User: Anonymous | Status: 200 | Duration: 2ms
2026-05-21 12:13:21 | GET /news/ | User: Anonymous | Status: 200 | Duration: 3ms
2026-05-21 12:13:21 | GET /news/ | User: Anonymous | Status: 200 | Duration: 3ms
2026-05-21 12:13:21 | GET /news/ | User: Anonymous | Status: 200 | Duration: 3ms
2026-05-21 12:13:21 | GET /privacy/ | User: Anonymous | Status: 200 | Duration: 1ms
2026-05-21 12:13:21 | GET /privacy/ | User: Anonymous | Status: 200 | Duration: 1ms
2026-05-21 12:13:21 | GET /privacy/ | User: Anonymous | Status: 200 | Duration: 1ms
2026-05-21 12:13:21 | GET /promocodes/ | User: Anonymous | Status: 200 | Duration: 10ms
2026-05-21 12:13:21 | GET /promocodes/ | User: Anonymous | Status: 200 | Duration: 10ms
2026-05-21 12:13:21 | GET /promocodes/ | User: Anonymous | Status: 200 | Duration: 10ms
2026-05-21 12:13:21 | GET /register/ | User: Anonymous | Status: 200 | Duration: 18ms
2026-05-21 12:13:21 | GET /register/ | User: Anonymous | Status: 200 | Duration: 18ms
2026-05-21 12:13:21 | GET /register/ | User: Anonymous | Status: 200 | Duration: 18ms
2026-05-21 12:13:22 | GET /reviews/add/ | User: user | Status: 200 | Duration: 12ms
2026-05-21 12:13:22 | GET /reviews/add/ | User: user | Status: 200 | Duration: 12ms
2026-05-21 12:13:22 | GET /reviews/add/ | User: user | Status: 200 | Duration: 12ms
2026-05-21 12:13:22 | POST /reviews/add/ | User: user | Status: 302 | Duration: 2ms
2026-05-21 12:13:22 | POST /reviews/add/ | User: user | Status: 302 | Duration: 2ms
2026-05-21 12:13:22 | POST /reviews/add/ | User: user | Status: 302 | Duration: 2ms
2026-05-21 12:13:22 | POST /reviews/1/delete/ | User: user | Status: 302 | Duration: 3ms
2026-05-21 12:13:22 | POST /reviews/1/delete/ | User: user | Status: 302 | Duration: 3ms
2026-05-21 12:13:22 | POST /reviews/1/delete/ | User: user | Status: 302 | Duration: 3ms
2026-05-21 12:13:23 | GET /reviews/1/edit/ | User: user | Status: 200 | Duration: 4ms
2026-05-21 12:13:23 | GET /reviews/1/edit/ | User: user | Status: 200 | Duration: 4ms
2026-05-21 12:13:23 | GET /reviews/1/edit/ | User: user | Status: 200 | Duration: 4ms
2026-05-21 12:13:23 | GET /reviews/ | User: Anonymous | Status: 200 | Duration: 12ms
2026-05-21 12:13:23 | GET /reviews/ | User: Anonymous | Status: 200 | Duration: 12ms
2026-05-21 12:13:23 | GET /reviews/ | User: Anonymous | Status: 200 | Duration: 12ms
2026-05-21 12:13:23 | GET /services/ | User: Anonymous | Status: 200 | Duration: 12ms
2026-05-21 12:13:23 | GET /services/ | User: Anonymous | Status: 200 | Duration: 12ms
2026-05-21 12:13:23 | GET /services/ | User: Anonymous | Status: 200 | Duration: 12ms
2026-05-21 12:13:23 | GET /services/?type=1 | User: Anonymous | Status: 200 | Duration: 1ms
2026-05-21 12:13:23 | GET /services/?type=1 | User: Anonymous | Status: 200 | Duration: 1ms
2026-05-21 12:13:23 | GET /services/?type=1 | User: Anonymous | Status: 200 | Duration: 1ms
2026-05-21 12:13:23 | GET /services/?search=%D0%B4%D0%B8%D0%B0%D0%B3%D0%BD%D0%BE%D1%81%D1%82%D0%B8%D0%BA%D0%B0 | User: Anonymous | Status: 200 | Duration: 2ms
2026-05-21 12:13:23 | GET /services/?search=%D0%B4%D0%B8%D0%B0%D0%B3%D0%BD%D0%BE%D1%81%D1%82%D0%B8%D0%BA%D0%B0 | User: Anonymous | Status: 200 | Duration: 2ms
2026-05-21 12:13:23 | GET /services/?search=%D0%B4%D0%B8%D0%B0%D0%B3%D0%BD%D0%BE%D1%81%D1%82%D0%B8%D0%BA%D0%B0 | User: Anonymous | Status: 200 | Duration: 2ms
2026-05-21 12:13:23 | GET /services/?sort=price_asc | User: Anonymous | Status: 200 | Duration: 1ms
2026-05-21 12:13:23 | GET /services/?sort=price_asc | User: Anonymous | Status: 200 | Duration: 1ms
2026-05-21 12:13:23 | GET /services/?sort=price_asc | User: Anonymous | Status: 200 | Duration: 1ms
2026-05-21 12:13:24 | GET /statistics/ | User: user | Status: 200 | Duration: 577ms
2026-05-21 12:13:24 | GET /statistics/ | User: user | Status: 200 | Duration: 577ms
2026-05-21 12:13:24 | GET /statistics/ | User: user | Status: 200 | Duration: 577ms
2026-05-21 12:13:24 | GET /statistics/ | User: admin | Status: 200 | Duration: 77ms
2026-05-21 12:13:24 | GET /statistics/ | User: admin | Status: 200 | Duration: 77ms
2026-05-21 12:13:24 | GET /statistics/ | User: admin | Status: 200 | Duration: 77ms
2026-05-21 12:13:24 | GET /vacancies/ | User: Anonymous | Status: 200 | Duration: 13ms
2026-05-21 12:13:24 | GET /vacancies/ | User: Anonymous | Status: 200 | Duration: 13ms
2026-05-21 12:13:24 | GET /vacancies/ | User: Anonymous | Status: 200 | Duration: 13ms
2026-05-21 14:41:53 | GET / | User: meew123 | Status: 200 | Duration: 3210ms
2026-05-21 14:41:53 | GET / | User: meew123 | Status: 200 | Duration: 3210ms
2026-05-21 14:41:53 | GET / | User: meew123 | Status: 200 | Duration: 3210ms
2026-05-21 14:41:57 | GET /news/ | User: meew123 | Status: 200 | Duration: 6ms
2026-05-21 14:41:57 | GET /news/ | User: meew123 | Status: 200 | Duration: 6ms
2026-05-21 14:41:57 | GET /news/ | User: meew123 | Status: 200 | Duration: 6ms
2026-05-21 14:41:57 | GET /media/news/Gemini_Generated_Image_e7q8j0e7q8j0e7q8_1.png | User: meew123 | Status: 304 | Duration: 0ms
2026-05-21 14:41:57 | GET /media/news/Gemini_Generated_Image_e7q8j0e7q8j0e7q8_1.png | User: meew123 | Status: 304 | Duration: 0ms
2026-05-21 14:41:57 | GET /media/news/Gemini_Generated_Image_e7q8j0e7q8j0e7q8_1.png | User: meew123 | Status: 304 | Duration: 0ms
2026-05-21 14:42:27 | GET /news/1/ | User: meew123 | Status: 200 | Duration: 27ms
2026-05-21 14:42:27 | GET /news/1/ | User: meew123 | Status: 200 | Duration: 27ms
2026-05-21 14:42:27 | GET /news/1/ | User: meew123 | Status: 200 | Duration: 27ms
2026-05-21 14:42:34 | GET /contacts/ | User: meew123 | Status: 200 | Duration: 33ms
2026-05-21 14:42:34 | GET /contacts/ | User: meew123 | Status: 200 | Duration: 33ms
2026-05-21 14:42:34 | GET /contacts/ | User: meew123 | Status: 200 | Duration: 33ms
2026-05-21 14:42:34 | GET /media/employees/photo_2025-07-17_02-21-34.jpg | User: meew123 | Status: 200 | Duration: 38ms
2026-05-21 14:42:34 | GET /media/employees/photo_2025-07-17_02-21-34.jpg | User: meew123 | Status: 200 | Duration: 38ms
2026-05-21 14:42:34 | GET /media/employees/photo_2025-07-17_02-21-34.jpg | User: meew123 | Status: 200 | Duration: 38ms
2026-09-04 13:58:22 | GET / | User: Anonymous | Status: 200 | Duration: 16013ms
2026-09-04 13:58:22 | GET / | User: Anonymous | Status: 200 | Duration: 16013ms
2026-09-04 13:58:22 | GET / | User: Anonymous | Status: 200 | Duration: 16013ms
2026-09-04 13:58:38 | GET / | User: Anonymous | Status: 200 | Duration: 14451ms
2026-09-04 13:58:38 | GET / | User: Anonymous | Status: 200 | Duration: 14451ms
2026-09-04 13:58:38 | GET / | User: Anonymous | Status: 200 | Duration: 14451ms
2026-09-04 13:58:38 | GET /favicon.ico | User: Anonymous | Status: 404 | Duration: 15ms
2026-09-04 13:58:38 | GET /favicon.ico | User: Anonymous | Status: 404 | Duration: 15ms
2026-09-04 13:58:38 | GET /favicon.ico | User: Anonymous | Status: 404 | Duration: 15ms
2026-09-04 13:58:47 | GET /about/ | User: Anonymous | Status: 200 | Duration: 42ms
2026-09-04 13:58:47 | GET /about/ | User: Anonymous | Status: 200 | Duration: 42ms
2026-09-04 13:58:47 | GET /about/ | User: Anonymous | Status: 200 | Duration: 42ms
2026-09-04 13:58:47 | GET /media/company/image_2026-05-19_20-04-47_TdM7HsQ.png | User: Anonymous | Status: 200 | Duration: 54ms
2026-09-04 13:58:47 | GET /media/company/image_2026-05-19_20-04-47_TdM7HsQ.png | User: Anonymous | Status: 200 | Duration: 54ms
2026-09-04 13:58:47 | GET /media/company/image_2026-05-19_20-04-47_TdM7HsQ.png | User: Anonymous | Status: 200 | Duration: 54ms
2026-09-04 13:58:54 | GET /news/ | User: Anonymous | Status: 200 | Duration: 14ms
2026-09-04 13:58:54 | GET /news/ | User: Anonymous | Status: 200 | Duration: 14ms
2026-09-04 13:58:54 | GET /news/ | User: Anonymous | Status: 200 | Duration: 14ms
2026-09-04 13:58:54 | GET /media/news/Gemini_Generated_Image_e7q8j0e7q8j0e7q8_1.png | User: Anonymous | Status: 200 | Duration: 9ms
2026-09-04 13:58:54 | GET /media/news/Gemini_Generated_Image_e7q8j0e7q8j0e7q8_1.png | User: Anonymous | Status: 200 | Duration: 9ms
2026-09-04 13:58:54 | GET /media/news/Gemini_Generated_Image_e7q8j0e7q8j0e7q8_1.png | User: Anonymous | Status: 200 | Duration: 9ms
2026-09-04 13:58:57 | GET /news/1/ | User: Anonymous | Status: 200 | Duration: 15ms
2026-09-04 13:58:57 | GET /news/1/ | User: Anonymous | Status: 200 | Duration: 15ms
2026-09-04 13:58:57 | GET /news/1/ | User: Anonymous | Status: 200 | Duration: 15ms
2026-09-04 13:58:57 | GET / | User: Anonymous | Status: 200 | Duration: 20052ms
2026-09-04 13:58:57 | GET / | User: Anonymous | Status: 200 | Duration: 20052ms
2026-09-04 13:58:57 | GET / | User: Anonymous | Status: 200 | Duration: 20052ms
2026-09-04 13:59:16 | GET /news/ | User: Anonymous | Status: 200 | Duration: 5ms
2026-09-04 13:59:16 | GET /news/ | User: Anonymous | Status: 200 | Duration: 5ms
2026-09-04 13:59:16 | GET /news/ | User: Anonymous | Status: 200 | Duration: 5ms
2026-09-04 13:59:25 | GET /about/ | User: Anonymous | Status: 200 | Duration: 3ms
2026-09-04 13:59:25 | GET /about/ | User: Anonymous | Status: 200 | Duration: 3ms
2026-09-04 13:59:25 | GET /about/ | User: Anonymous | Status: 200 | Duration: 3ms
2026-09-04 13:59:26 | GET / | User: Anonymous | Status: 200 | Duration: 7876ms
2026-09-04 13:59:26 | GET / | User: Anonymous | Status: 200 | Duration: 7876ms
2026-09-04 13:59:26 | GET / | User: Anonymous | Status: 200 | Duration: 7876ms
2026-09-04 13:59:26 | GET /news/ | User: Anonymous | Status: 200 | Duration: 3ms
2026-09-04 13:59:26 | GET /news/ | User: Anonymous | Status: 200 | Duration: 3ms
2026-09-04 13:59:26 | GET /news/ | User: Anonymous | Status: 200 | Duration: 3ms
2026-09-04 13:59:27 | GET /services/ | User: Anonymous | Status: 200 | Duration: 43ms
2026-09-04 13:59:27 | GET /services/ | User: Anonymous | Status: 200 | Duration: 43ms
2026-09-04 13:59:27 | GET /services/ | User: Anonymous | Status: 200 | Duration: 43ms
2026-09-04 13:59:27 | GET / | User: Anonymous | Status: 200 | Duration: 19778ms
2026-09-04 13:59:27 | GET / | User: Anonymous | Status: 200 | Duration: 19778ms
2026-09-04 13:59:27 | GET / | User: Anonymous | Status: 200 | Duration: 19778ms
2026-09-04 13:59:30 | GET /glossary/ | User: Anonymous | Status: 200 | Duration: 34ms
2026-09-04 13:59:30 | GET /glossary/ | User: Anonymous | Status: 200 | Duration: 34ms
2026-09-04 13:59:30 | GET /glossary/ | User: Anonymous | Status: 200 | Duration: 34ms
2026-09-04 13:59:35 | GET /contacts/ | User: Anonymous | Status: 200 | Duration: 42ms
2026-09-04 13:59:35 | GET /contacts/ | User: Anonymous | Status: 200 | Duration: 42ms
2026-09-04 13:59:35 | GET /contacts/ | User: Anonymous | Status: 200 | Duration: 42ms
2026-09-04 13:59:35 | GET /media/employees/photo_2025-07-17_02-21-34.jpg | User: Anonymous | Status: 200 | Duration: 12ms
2026-09-04 13:59:35 | GET /media/employees/photo_2025-07-17_02-21-34.jpg | User: Anonymous | Status: 200 | Duration: 12ms
2026-09-04 13:59:35 | GET /media/employees/photo_2025-07-17_02-21-34.jpg | User: Anonymous | Status: 200 | Duration: 12ms
2026-09-04 13:59:40 | GET / | User: Anonymous | Status: 200 | Duration: 17597ms
2026-09-04 13:59:40 | GET / | User: Anonymous | Status: 200 | Duration: 17597ms
2026-09-04 13:59:40 | GET / | User: Anonymous | Status: 200 | Duration: 17597ms
2026-09-04 13:59:59 | GET /services/ | User: Anonymous | Status: 200 | Duration: 9ms
2026-09-04 13:59:59 | GET /services/ | User: Anonymous | Status: 200 | Duration: 9ms
2026-09-04 13:59:59 | GET /services/ | User: Anonymous | Status: 200 | Duration: 9ms
2026-09-04 14:00:01 | GET /glossary/ | User: Anonymous | Status: 200 | Duration: 2ms
2026-09-04 14:00:01 | GET /glossary/ | User: Anonymous | Status: 200 | Duration: 2ms
2026-09-04 14:00:01 | GET /glossary/ | User: Anonymous | Status: 200 | Duration: 2ms
2026-09-04 14:00:03 | GET /promocodes/ | User: Anonymous | Status: 200 | Duration: 37ms
2026-09-04 14:00:03 | GET /promocodes/ | User: Anonymous | Status: 200 | Duration: 37ms
2026-09-04 14:00:03 | GET /promocodes/ | User: Anonymous | Status: 200 | Duration: 37ms
2026-09-04 14:00:31 | GET /accounts/login/ | User: Anonymous | Status: 200 | Duration: 78ms
2026-09-04 14:00:31 | GET /accounts/login/ | User: Anonymous | Status: 200 | Duration: 78ms
2026-09-04 14:00:31 | GET /accounts/login/ | User: Anonymous | Status: 200 | Duration: 78ms
